[     161ms] [INFO] %cDownload the React DevTools for a better development experience: https://react.dev/link/react-devtools font-weight:bold @ http://localhost:5173/node_modules/.vite/deps/react-dom_client.js?v=0a77a4af:14337
[   43259ms] [ERROR] [vite] SyntaxError: The requested module '/src/lib/repository/LocalRepository.ts?t=1776976352984' does not provide an export named 'PERSIST_KEY' @ http://localhost:5173/@vite/client:509
[   43260ms] [ERROR] [vite] Failed to reload /src/pages/SettingsPage/SettingsPage.tsx. This could be due to syntax errors or importing non-existent modules. (see errors above) @ http://localhost:5173/@vite/client:509
[   43260ms] [ERROR] [vite] SyntaxError: The requested module '/src/lib/repository/LocalRepository.ts?t=1776976352984' does not provide an export named 'PERSIST_KEY' @ http://localhost:5173/@vite/client:509
[   43260ms] [ERROR] [vite] Failed to reload /src/components/TaskModal/AttachmentLink.tsx. This could be due to syntax errors or importing non-existent modules. (see errors above) @ http://localhost:5173/@vite/client:509
[   43260ms] [ERROR] [vite] SyntaxError: The requested module '/src/lib/repository/LocalRepository.ts?t=1776976352984' does not provide an export named 'PERSIST_KEY' @ http://localhost:5173/@vite/client:509
[   43260ms] [ERROR] [vite] Failed to reload /src/components/TaskModal/TaskModal.tsx. This could be due to syntax errors or importing non-existent modules. (see errors above) @ http://localhost:5173/@vite/client:509
[   43260ms] [ERROR] [vite] SyntaxError: The requested module '/src/lib/repository/LocalRepository.ts?t=1776976352984' does not provide an export named 'PERSIST_KEY' @ http://localhost:5173/@vite/client:509
[   43260ms] [ERROR] [vite] Failed to reload /src/pages/WeeksPage/WeeksPage.tsx. This could be due to syntax errors or importing non-existent modules. (see errors above) @ http://localhost:5173/@vite/client:509
[   43260ms] [ERROR] [vite] SyntaxError: The requested module '/src/lib/repository/LocalRepository.ts?t=1776976352984' does not provide an export named 'PERSIST_KEY' @ http://localhost:5173/@vite/client:509
[   43260ms] [ERROR] [vite] Failed to reload /src/pages/HorizonsPage/HorizonsPage.tsx. This could be due to syntax errors or importing non-existent modules. (see errors above) @ http://localhost:5173/@vite/client:509
[   43260ms] [ERROR] [vite] SyntaxError: The requested module '/src/lib/repository/LocalRepository.ts?t=1776976352984' does not provide an export named 'PERSIST_KEY' @ http://localhost:5173/@vite/client:509
[   43260ms] [ERROR] [vite] Failed to reload /src/components/TaskCard/TaskCard.tsx. This could be due to syntax errors or importing non-existent modules. (see errors above) @ http://localhost:5173/@vite/client:509
[   43260ms] [ERROR] [vite] SyntaxError: The requested module '/src/lib/repository/LocalRepository.ts?t=1776976352984' does not provide an export named 'PERSIST_KEY' @ http://localhost:5173/@vite/client:509
[   43261ms] [ERROR] [vite] Failed to reload /src/pages/InboxPage/InboxPage.tsx. This could be due to syntax errors or importing non-existent modules. (see errors above) @ http://localhost:5173/@vite/client:509
[   43261ms] [ERROR] [vite] SyntaxError: The requested module '/src/lib/repository/LocalRepository.ts?t=1776976352984' does not provide an export named 'PERSIST_KEY' @ http://localhost:5173/@vite/client:509
[   43261ms] [ERROR] [vite] Failed to reload /src/components/ProjectModal/ProjectModal.tsx. This could be due to syntax errors or importing non-existent modules. (see errors above) @ http://localhost:5173/@vite/client:509
[   43261ms] [ERROR] [vite] SyntaxError: The requested module '/src/lib/repository/LocalRepository.ts?t=1776976352984' does not provide an export named 'PERSIST_KEY' @ http://localhost:5173/@vite/client:509
[   43261ms] [ERROR] [vite] Failed to reload /src/pages/CalendarPage/CalendarPage.tsx. This could be due to syntax errors or importing non-existent modules. (see errors above) @ http://localhost:5173/@vite/client:509
[   43261ms] [ERROR] [vite] SyntaxError: The requested module '/src/lib/repository/LocalRepository.ts?t=1776976352984' does not provide an export named 'PERSIST_KEY' @ http://localhost:5173/@vite/client:509
[   43261ms] [ERROR] [vite] Failed to reload /src/pages/YearsPage/YearsPage.tsx. This could be due to syntax errors or importing non-existent modules. (see errors above) @ http://localhost:5173/@vite/client:509
[   43261ms] [ERROR] [vite] SyntaxError: The requested module '/src/lib/repository/LocalRepository.ts?t=1776976352984' does not provide an export named 'PERSIST_KEY' @ http://localhost:5173/@vite/client:509
[   43261ms] [ERROR] [vite] Failed to reload /src/components/Sidebar/Sidebar.tsx. This could be due to syntax errors or importing non-existent modules. (see errors above) @ http://localhost:5173/@vite/client:509
[   43261ms] [ERROR] [vite] SyntaxError: The requested module '/src/lib/repository/LocalRepository.ts?t=1776976352984' does not provide an export named 'PERSIST_KEY' @ http://localhost:5173/@vite/client:509
[   43261ms] [ERROR] [vite] Failed to reload /src/pages/ProjectPage/ProjectPage.tsx. This could be due to syntax errors or importing non-existent modules. (see errors above) @ http://localhost:5173/@vite/client:509
[   43261ms] [ERROR] [vite] SyntaxError: The requested module '/src/lib/repository/LocalRepository.ts?t=1776976352984' does not provide an export named 'PERSIST_KEY' @ http://localhost:5173/@vite/client:509
[   43261ms] [ERROR] [vite] Failed to reload /src/pages/DaysPage/DaysPage.tsx. This could be due to syntax errors or importing non-existent modules. (see errors above) @ http://localhost:5173/@vite/client:509
