[     287ms] [INFO] %cDownload the React DevTools for a better development experience: https://react.dev/link/react-devtools font-weight:bold @ http://localhost:5173/node_modules/.vite/deps/react-dom_client.js?v=0a77a4af:14337
[     322ms] [ERROR] The result of getSnapshot should be cached to avoid an infinite loop @ http://localhost:5173/@vite/client:509
[     675ms] Error: Maximum update depth exceeded. This can happen when a component repeatedly calls setState inside componentWillUpdate or componentDidUpdate. React limits the number of nested updates to prevent infinite loops.
    at getRootForUpdatedFiber (http://localhost:5173/node_modules/.vite/deps/react-dom_client.js?v=0a77a4af:2633:166)
    at enqueueConcurrentHookUpdate (http://localhost:5173/node_modules/.vite/deps/react-dom_client.js?v=0a77a4af:2619:11)
    at dispatchSetStateInternal (http://localhost:5173/node_modules/.vite/deps/react-dom_client.js?v=0a77a4af:5160:14)
    at dispatchSetState (http://localhost:5173/node_modules/.vite/deps/react-dom_client.js?v=0a77a4af:5133:4)
    at http://localhost:5173/src/components/TaskModal/TaskModal.tsx:33:3
    at Object.react_stack_bottom_frame (http://localhost:5173/node_modules/.vite/deps/react-dom_client.js?v=0a77a4af:12904:13)
    at runWithFiberInDEV (http://localhost:5173/node_modules/.vite/deps/react-dom_client.js?v=0a77a4af:851:66)
    at commitHookEffectListMount (http://localhost:5173/node_modules/.vite/deps/react-dom_client.js?v=0a77a4af:6617:153)
    at commitHookPassiveMountEffects (http://localhost:5173/node_modules/.vite/deps/react-dom_client.js?v=0a77a4af:6652:55)
    at commitPassiveMountOnFiber (http://localhost:5173/node_modules/.vite/deps/react-dom_client.js?v=0a77a4af:7618:22)
[     442ms] [WARNING] %s

%s
 An error occurred in the <TaskModal> component. Consider adding an error boundary to your tree to customize error handling behavior.
Visit https://react.dev/link/error-boundaries to learn more about error boundaries. @ http://localhost:5173/@vite/client:509
[   60961ms] Error: Maximum update depth exceeded. This can happen when a component repeatedly calls setState inside componentWillUpdate or componentDidUpdate. React limits the number of nested updates to prevent infinite loops.
    at getRootForUpdatedFiber (http://localhost:5173/node_modules/.vite/deps/react-dom_client.js?v=0a77a4af:2633:166)
    at enqueueConcurrentRenderForLane (http://localhost:5173/node_modules/.vite/deps/react-dom_client.js?v=0a77a4af:2623:11)
    at forceStoreRerender (http://localhost:5173/node_modules/.vite/deps/react-dom_client.js?v=0a77a4af:4581:15)
    at updateStoreInstance (http://localhost:5173/node_modules/.vite/deps/react-dom_client.js?v=0a77a4af:4563:36)
    at Object.react_stack_bottom_frame (http://localhost:5173/node_modules/.vite/deps/react-dom_client.js?v=0a77a4af:12904:13)
    at runWithFiberInDEV (http://localhost:5173/node_modules/.vite/deps/react-dom_client.js?v=0a77a4af:851:66)
    at commitHookEffectListMount (http://localhost:5173/node_modules/.vite/deps/react-dom_client.js?v=0a77a4af:6617:153)
    at commitHookPassiveMountEffects (http://localhost:5173/node_modules/.vite/deps/react-dom_client.js?v=0a77a4af:6652:55)
    at commitPassiveMountOnFiber (http://localhost:5173/node_modules/.vite/deps/react-dom_client.js?v=0a77a4af:7618:22)
    at recursivelyTraversePassiveMountEffects (http://localhost:5173/node_modules/.vite/deps/react-dom_client.js?v=0a77a4af:7606:5)
[   60960ms] [WARNING] %s

%s
 An error occurred in the <TaskModal> component. Consider adding an error boundary to your tree to customize error handling behavior.
Visit https://react.dev/link/error-boundaries to learn more about error boundaries. @ http://localhost:5173/@vite/client:509
